// Jest Snapshot v1, https://goo.gl/fbAQLP

exports[`Button testing snapshot should Button match snapshot 1`] = `
<DocumentFragment>
  <button
    class="btn btn"
    type="button"
  >
    BUTTON
  </button>
</DocumentFragment>
`;
