// Jest Snapshot v1, https://goo.gl/fbAQLP

exports[`PagePreviewHeader testing snapshot should PagePreviewHeader match snapshot 1`] = `<DocumentFragment />`;
